Processing esp32dev (platform: espressif32; board: esp32dev; framework: arduino)
--------------------------------------------------------------------------------
Verbose mode can be enabled via `-v, --verbose` option
CONFIGURATION: https://docs.platformio.org/page/boards/espressif32/esp32dev.html
PLATFORM: Espressif 32 (6.13.0) > Espressif ESP32 Dev Module
HARDWARE: ESP32 240MHz, 320KB RAM, 4MB Flash
DEBUG: Current (cmsis-dap) External (cmsis-dap, esp-bridge, esp-prog, iot-bus-jtag, jlink, minimodule, olimex-arm-usb-ocd, olimex-arm-usb-ocd-h, olimex-arm-usb-tiny-h, olimex-jtag-tiny, tumpa)
PACKAGES: 
 - framework-arduinoespressif32 @ 3.20017.241212+sha.dcc1105b 
 - tool-esptoolpy @ 2.41100.0 (4.11.0) 
 - toolchain-xtensa-esp32 @ 8.4.0+2021r2-patch5
LDF: Library Dependency Finder -> https://bit.ly/configure-pio-ldf
LDF Modes: Finder ~ chain, Compatibility ~ soft
Found 36 compatible libraries
Scanning dependencies...
Dependency Graph
|-- TFT_eSPI @ 2.5.43
|-- XPT2046_Touchscreen @ 1.4.0+sha.f956c5d
|-- DFRobot_DF1201S @ 1.0.2
|-- SPI @ 2.0.0
|-- LittleFS @ 2.0.0
Building in release mode
Compiling .pio\build\esp32dev\src\audio.cpp.o
Compiling .pio\build\esp32dev\src\game_state.cpp.o
Compiling .pio\build\esp32dev\src\inventory.cpp.o
Compiling .pio\build\esp32dev\src\main.cpp.o
platformio.exe : In file included from src/ui_renderer.h:2,
At line:1 char:1
+ & "C:\Users\PoinhaAcerMini\.platformio\penv\Scripts\platformio.exe" r ...
+ ~~~~~~~~~~~~~~~~~~~~~~~~~~~~~~~~~~~~~~~~~~~~~~~~~~~~~~~~~~~~~~~~~~~~~
    + CategoryInfo          : NotSpecified: (In file include...i_renderer.h:2, 
   :String) [], RemoteException
    + FullyQualifiedErrorId : NativeCommandError
 
                 from src/game_state.cpp:6:
.pio/libdeps/esp32dev/TFT_eSPI/TFT_eSPI.h:973:8: warning: #warning 
>>>>------>> TOUCH_CS pin not defined, TFT_eSPI touch functions will not be 
available! [-Wcpp]
       #warning >>>>------>> TOUCH_CS pin not defined, TFT_eSPI touch 
functions will not be available!
        ^~~~~~~
Compiling .pio\build\esp32dev\src\mini_games.cpp.o
In file included from src/main.cpp:9:
.pio/libdeps/esp32dev/TFT_eSPI/TFT_eSPI.h:973:8: warning: #warning 
>>>>------>> TOUCH_CS pin not defined, TFT_eSPI touch functions will not be 
available! [-Wcpp]
       #warning >>>>------>> TOUCH_CS pin not defined, TFT_eSPI touch 
functions will not be available!
        ^~~~~~~
Compiling .pio\build\esp32dev\src\pet.cpp.o
In file included from src/ui_renderer.h:2,
                 from src/mini_games.cpp:2:
.pio/libdeps/esp32dev/TFT_eSPI/TFT_eSPI.h:973:8: warning: #warning 
>>>>------>> TOUCH_CS pin not defined, TFT_eSPI touch functions will not be 
available! [-Wcpp]
       #warning >>>>------>> TOUCH_CS pin not defined, TFT_eSPI touch 
functions will not be available!
        ^~~~~~~
Compiling .pio\build\esp32dev\src\pet_visuals.cpp.o
Compiling .pio\build\esp32dev\src\save_manager.cpp.o
Compiling .pio\build\esp32dev\src\shop.cpp.o
In file included from src/pet_visuals.h:2,
                 from src/pet_visuals.cpp:1:
.pio/libdeps/esp32dev/TFT_eSPI/TFT_eSPI.h:973:8: warning: #warning 
>>>>------>> TOUCH_CS pin not defined, TFT_eSPI touch functions will not be 
available! [-Wcpp]
       #warning >>>>------>> TOUCH_CS pin not defined, TFT_eSPI touch 
functions will not be available!
        ^~~~~~~
Compiling .pio\build\esp32dev\src\touch_input.cpp.o
Compiling .pio\build\esp32dev\src\ui_renderer.cpp.o
Building .pio\build\esp32dev\bootloader.bin
Generating partitions .pio\build\esp32dev\partitions.bin
esptool.py v4.11.0
Creating esp32 image...
Merged 1 ELF section
Successfully created esp32 image.
In file included from src/ui_renderer.h:2,
                 from src/ui_renderer.cpp:1:
.pio/libdeps/esp32dev/TFT_eSPI/TFT_eSPI.h:973:8: warning: #warning 
>>>>------>> TOUCH_CS pin not defined, TFT_eSPI touch functions will not be 
available! [-Wcpp]
       #warning >>>>------>> TOUCH_CS pin not defined, TFT_eSPI touch 
functions will not be available!
        ^~~~~~~
Compiling .pio\build\esp32dev\lib8d0\SPI\SPI.cpp.o
Compiling .pio\build\esp32dev\lib6a1\FS\FS.cpp.o
